// Jest Snapshot v1, https://goo.gl/fbAQLP

exports[`Button Snapshot Button 1`] = `
<body>
  <div>
    <button
      style="border: 1px solid;"
    >
      Mon texte
    </button>
  </div>
</body>
`;
